---
source: renamify-core/tests/preview_snapshots.rs
expression: output
---
+-----------+------------------+-----------+------------+
| File      | Kind             | Matches   | Variants   |
+=======================================================+
| ───────── | ─────────        | ───────── | ─────────  |
|-----------+------------------+-----------+------------|
| TOTALS    | 0 files, 0 paths | 0         | 0 variants |
+-----------+------------------+-----------+------------+
