---
source: renamify-core/tests/preview_snapshots.rs
assertion_line: 113
expression: normalized
---
--- src/api/handlers.rs
+++ src/api/handlers.rs
@@ line 42 @@
-struct UserName {
+struct CustomerName {

@@ line 50 @@
-    fn get_user_name(&self) -> &str {
+    fn get_customer_name(&self) -> &str {

--- src/models/user.rs
+++ src/models/user.rs
@@ line 15 @@
-    let user_name = String::new();
+    let customer_name = String::new();

@@ line 25 @@
-    pub userName: String,
+    pub customerName: String,


=== RENAMES ===
file src/models/user_name.rs → src/models/customer_name.rs
dir tests/user_name_tests → tests/customer_name_tests
