---
source: refaktor-core/tests/preview_snapshots.rs
expression: normalized
---
+-------------------------+--------------------+-----------+-------------------------------+
| File                    | Kind               | Matches   | Variants                      |
+==========================================================================================+
| src/api/handlers.rs     | Content            | 2         | UserName (1), user_name (1)   |
|-------------------------+--------------------+-----------+-------------------------------|
| src/models/user.rs      | Content            | 2         | userName (1), user_name (1)   |
|-------------------------+--------------------+-----------+-------------------------------|
| src/models/user_name.rs | Rename (File)      |           | → src/models/customer_name.rs |
|-------------------------+--------------------+-----------+-------------------------------|
| tests/user_name_tests   | Rename (Dir)       |           | → tests/customer_name_tests   |
|-------------------------+--------------------+-----------+-------------------------------|
| ─────────               | ─────────          | ───────── | ─────────                     |
|-------------------------+--------------------+-----------+-------------------------------|
| TOTALS                  | 2 files, 2 renames | 6         | 3 variants                    |
+-------------------------+--------------------+-----------+-------------------------------+
