---
source: refaktor-core/tests/preview_snapshots.rs
assertion_line: 155
expression: output
---
+-----------+--------------------+-----------+------------+
| File      | Kind               | Matches   | Variants   |
+=========================================================+
| ───────── | ─────────          | ───────── | ─────────  |
|-----------+--------------------+-----------+------------|
| TOTALS    | 0 files, 0 renames | 0         | 0 variants |
+-----------+--------------------+-----------+------------+
