---
source: refaktor-core/tests/preview_snapshots.rs
expression: normalized
---
+------------------------+--------------------+-----------+------------------------------------------+
| File                   | Kind               | Matches   | Variants                                 |
+====================================================================================================+
| README.md              | Content            | 1         | refaktor                                 |
|------------------------+--------------------+-----------+------------------------------------------|
| /project/refaktor-core | Rename (Dir)       |           | → /project/smart-search-and-replace-core |
|------------------------+--------------------+-----------+------------------------------------------|
| ─────────              | ─────────          | ───────── | ─────────                                |
|------------------------+--------------------+-----------+------------------------------------------|
| TOTALS                 | 1 files, 1 renames | 1         | 1 variants                               |
+------------------------+--------------------+-----------+------------------------------------------+
