---
source: refaktor-core/tests/preview_snapshots.rs
expression: normalize_paths(normalized)
---
{
  "created_at": "1234567890",
  "excludes": [
    "**/test_*.rs"
  ],
  "id": "abc123def456",
  "includes": [
    "src/**/*.rs"
  ],
  "matches": [
    {
      "after": "customer_name",
      "before": "user_name",
      "col": 12,
      "end": 20,
      "file": "src/models/user.rs",
      "line": 15,
      "line_after": "    let customer_name = String::new();",
      "line_before": "    let user_name = String::new();",
      "start": 11,
      "variant": "user_name"
    },
    {
      "after": "customerName",
      "before": "userName",
      "col": 8,
      "end": 15,
      "file": "src/models/user.rs",
      "line": 25,
      "line_after": "    pub customerName: String,",
      "line_before": "    pub userName: String,",
      "start": 7,
      "variant": "userName"
    },
    {
      "after": "CustomerName",
      "before": "UserName",
      "col": 16,
      "end": 15,
      "file": "src/api/handlers.rs",
      "line": 42,
      "line_after": "struct CustomerName {",
      "line_before": "struct UserName {",
      "start": 7,
      "variant": "UserName"
    },
    {
      "after": "customer_name",
      "before": "user_name",
      "col": 20,
      "end": 20,
      "file": "src/api/handlers.rs",
      "line": 50,
      "line_after": "    fn get_customer_name(&self) -> &str {",
      "line_before": "    fn get_user_name(&self) -> &str {",
      "start": 11,
      "variant": "user_name"
    }
  ],
  "new": "customer_name",
  "old": "user_name",
  "renames": [
    {
      "from": "src/models/user_name.rs",
      "kind": "file",
      "to": "src/models/customer_name.rs"
    },
    {
      "from": "tests/user_name_tests",
      "kind": "dir",
      "to": "tests/customer_name_tests"
    }
  ],
  "stats": {
    "files_scanned": 25,
    "files_with_matches": 2,
    "matches_by_variant": {
      "UserName": 1,
      "userName": 2,
      "user_name": 3
    },
    "total_matches": 6
  },
  "styles": [
    "Snake",
    "Camel",
    "Pascal"
  ],
  "version": "1.0.0"
}
